<testsuites name="results">
  <testsuite name="all" package="all">
    <property name="random_seed" value="1745851109" />
    <testcase name="test_signal_on_rising_edge" classname="d2d_coco" file="/home/hwani/Desktop/d2d/d2d_coco.py" lineno="22" time="0.0022194385528564453" sim_time_ns="30.001" ratio_time="13517.382565689119" />
    <testcase name="test_d2d_adapter_random_inputs" classname="d2d_coco" file="/home/hwani/Desktop/d2d/d2d_coco.py" lineno="44" time="0.0025479793548583984" sim_time_ns="120.001" ratio_time="47096.53544530738" />
  </testsuite>
</testsuites>
